    145279:	binding file linux-vdso.so.1 [0] to linux-vdso.so.1 [0]: normal symbol `__vdso_clock_gettime' [LINUX_2.6]
    145279:	binding file linux-vdso.so.1 [0] to linux-vdso.so.1 [0]: normal symbol `__vdso_gettimeofday' [LINUX_2.6]
    145279:	binding file linux-vdso.so.1 [0] to linux-vdso.so.1 [0]: normal symbol `__vdso_time' [LINUX_2.6]
    145279:	binding file linux-vdso.so.1 [0] to linux-vdso.so.1 [0]: normal symbol `__vdso_getcpu' [LINUX_2.6]
    145279:	binding file linux-vdso.so.1 [0] to linux-vdso.so.1 [0]: normal symbol `__vdso_clock_getres' [LINUX_2.6]
    145279:	find library=libcalc.so [0]; searching
    145279:	 search path=/home/zoe/workspace/compling_lab/glibc-hwcaps/x86-64-v3:/home/zoe/workspace/compling_lab/glibc-hwcaps/x86-64-v2:/home/zoe/workspace/compling_lab		(RUNPATH from file ./elf_shared)
    145279:	  trying file=/home/zoe/workspace/compling_lab/glibc-hwcaps/x86-64-v3/libcalc.so
    145279:	  trying file=/home/zoe/workspace/compling_lab/glibc-hwcaps/x86-64-v2/libcalc.so
    145279:	  trying file=/home/zoe/workspace/compling_lab/libcalc.so
    145279:	
    145279:	find library=libc.so.6 [0]; searching
    145279:	 search path=/home/zoe/workspace/compling_lab		(RUNPATH from file ./elf_shared)
    145279:	  trying file=/home/zoe/workspace/compling_lab/libc.so.6
    145279:	 search cache=/etc/ld.so.cache
    145279:	  trying file=/lib/x86_64-linux-gnu/libc.so.6
    145279:	
    145279:	
    145279:	relocation processing: /lib/x86_64-linux-gnu/libc.so.6
    145279:	binding file /lib/x86_64-linux-gnu/libc.so.6 [0] to /lib/x86_64-linux-gnu/libc.so.6 [0]: normal symbol `_res' [GLIBC_2.2.5]
    145279:	binding file /lib/x86_64-linux-gnu/libc.so.6 [0] to /lib/x86_64-linux-gnu/libc.so.6 [0]: normal symbol `svc_max_pollfd' [GLIBC_2.2.5]
    145279:	binding file /lib/x86_64-linux-gnu/libc.so.6 [0] to /lib/x86_64-linux-gnu/libc.so.6 [0]: normal symbol `obstack_alloc_failed_handler' [GLIBC_2.2.5]
    145279:	binding file /lib/x86_64-linux-gnu/libc.so.6 [0] to /lib/x86_64-linux-gnu/libc.so.6 [0]: normal symbol `__ctype_toupper' [GLIBC_2.2.5]
    145279:	binding file /lib/x86_64-linux-gnu/libc.so.6 [0] to /lib/x86_64-linux-gnu/libc.so.6 [0]: normal symbol `loc1' [GLIBC_2.2.5]
    145279:	binding file /lib/x86_64-linux-gnu/libc.so.6 [0] to /lib64/ld-linux-x86-64.so.2 [0]: normal symbol `_dl_argv' [GLIBC_PRIVATE]
    145279:	binding file /lib/x86_64-linux-gnu/libc.so.6 [0] to /lib/x86_64-linux-gnu/libc.so.6 [0]: normal symbol `__libc_single_threaded' [GLIBC_2.32]
    145279:	binding file /lib/x86_64-linux-gnu/libc.so.6 [0] to /lib/x86_64-linux-gnu/libc.so.6 [0]: normal symbol `free' [GLIBC_2.2.5]
    145279:	binding file /lib/x86_64-linux-gnu/libc.so.6 [0] to /lib/x86_64-linux-gnu/libc.so.6 [0]: normal symbol `re_syntax_options' [GLIBC_2.2.5]
    145279:	binding file /lib/x86_64-linux-gnu/libc.so.6 [0] to /lib/x86_64-linux-gnu/libc.so.6 [0]: normal symbol `rpc_createerr' [GLIBC_2.2.5]
    145279:	binding file /lib/x86_64-linux-gnu/libc.so.6 [0] to /lib/x86_64-linux-gnu/libc.so.6 [0]: normal symbol `stdout' [GLIBC_2.2.5]
    145279:	binding file /lib/x86_64-linux-gnu/libc.so.6 [0] to /lib/x86_64-linux-gnu/libc.so.6 [0]: normal symbol `__ctype32_toupper' [GLIBC_2.2.5]
    145279:	binding file /lib/x86_64-linux-gnu/libc.so.6 [0] to /lib/x86_64-linux-gnu/libc.so.6 [0]: normal symbol `opterr' [GLIBC_2.2.5]
    145279:	binding file /lib/x86_64-linux-gnu/libc.so.6 [0] to /lib/x86_64-linux-gnu/libc.so.6 [0]: normal symbol `getdate_err' [GLIBC_2.2.5]
    145279:	binding file /lib/x86_64-linux-gnu/libc.so.6 [0] to /lib/x86_64-linux-gnu/libc.so.6 [0]: normal symbol `__curbrk' [GLIBC_2.2.5]
    145279:	binding file /lib/x86_64-linux-gnu/libc.so.6 [0] to /lib/x86_64-linux-gnu/libc.so.6 [0]: normal symbol `loc2' [GLIBC_2.2.5]
    145279:	binding file /lib/x86_64-linux-gnu/libc.so.6 [0] to /lib/x86_64-linux-gnu/libc.so.6 [0]: normal symbol `program_invocation_name' [GLIBC_2.2.5]
    145279:	binding file /lib/x86_64-linux-gnu/libc.so.6 [0] to /lib/x86_64-linux-gnu/libc.so.6 [0]: normal symbol `__fpu_control' [GLIBC_2.2.5]
    145279:	binding file /lib/x86_64-linux-gnu/libc.so.6 [0] to /lib64/ld-linux-x86-64.so.2 [0]: normal symbol `__libc_enable_secure' [GLIBC_PRIVATE]
    145279:	binding file /lib/x86_64-linux-gnu/libc.so.6 [0] to /lib/x86_64-linux-gnu/libc.so.6 [0]: normal symbol `_IO_2_1_stderr_' [GLIBC_2.2.5]
    145279:	binding file /lib/x86_64-linux-gnu/libc.so.6 [0] to /lib/x86_64-linux-gnu/libc.so.6 [0]: normal symbol `__rcmd_errstr' [GLIBC_2.2.5]
    145279:	binding file /lib/x86_64-linux-gnu/libc.so.6 [0] to /lib/x86_64-linux-gnu/libc.so.6 [0]: normal symbol `__ctype_b' [GLIBC_2.2.5]
    145279:	binding file /lib/x86_64-linux-gnu/libc.so.6 [0] to /lib/x86_64-linux-gnu/libc.so.6 [0]: normal symbol `error_print_progname' [GLIBC_2.2.5]
    145279:	binding file /lib/x86_64-linux-gnu/libc.so.6 [0] to /lib/x86_64-linux-gnu/libc.so.6 [0]: normal symbol `stderr' [GLIBC_2.2.5]
    145279:	binding file /lib/x86_64-linux-gnu/libc.so.6 [0] to /lib/x86_64-linux-gnu/libc.so.6 [0]: normal symbol `obstack_exit_failure' [GLIBC_2.2.5]
    145279:	binding file /lib/x86_64-linux-gnu/libc.so.6 [0] to /lib64/ld-linux-x86-64.so.2 [0]: normal symbol `__libc_stack_end' [GLIBC_2.2.5]
    145279:	binding file /lib/x86_64-linux-gnu/libc.so.6 [0] to /lib/x86_64-linux-gnu/libc.so.6 [0]: normal symbol `__key_encryptsession_pk_LOCAL' [GLIBC_2.2.5]
    145279:	binding file /lib/x86_64-linux-gnu/libc.so.6 [0] to /lib64/ld-linux-x86-64.so.2 [0]: normal symbol `_rtld_global_ro' [GLIBC_PRIVATE]
    145279:	binding file /lib/x86_64-linux-gnu/libc.so.6 [0] to /lib/x86_64-linux-gnu/libc.so.6 [0]: normal symbol `argp_program_version' [GLIBC_2.2.5]
    145279:	binding file /lib/x86_64-linux-gnu/libc.so.6 [0] to /lib/x86_64-linux-gnu/libc.so.6 [0]: normal symbol `svcauthdes_stats' [GLIBC_2.2.5]
    145279:	binding file /lib/x86_64-linux-gnu/libc.so.6 [0] to /lib/x86_64-linux-gnu/libc.so.6 [0]: normal symbol `__check_rhosts_file' [GLIBC_2.2.5]
    145279:	binding file /lib/x86_64-linux-gnu/libc.so.6 [0] to /lib/x86_64-linux-gnu/libc.so.6 [0]: normal symbol `optind' [GLIBC_2.2.5]
    145279:	binding file /lib/x86_64-linux-gnu/libc.so.6 [0] to /lib/x86_64-linux-gnu/libc.so.6 [0]: normal symbol `_IO_2_1_stdin_' [GLIBC_2.2.5]
    145279:	binding file /lib/x86_64-linux-gnu/libc.so.6 [0] to /lib/x86_64-linux-gnu/libc.so.6 [0]: normal symbol `program_invocation_short_name' [GLIBC_2.2.5]
    145279:	binding file /lib/x86_64-linux-gnu/libc.so.6 [0] to /lib/x86_64-linux-gnu/libc.so.6 [0]: normal symbol `__ctype32_tolower' [GLIBC_2.2.5]
    145279:	binding file /lib/x86_64-linux-gnu/libc.so.6 [0] to /lib/x86_64-linux-gnu/libc.so.6 [0]: normal symbol `error_message_count' [GLIBC_2.2.5]
    145279:	binding file /lib/x86_64-linux-gnu/libc.so.6 [0] to /lib/x86_64-linux-gnu/libc.so.6 [0]: normal symbol `optopt' [GLIBC_2.2.5]
    145279:	binding file /lib/x86_64-linux-gnu/libc.so.6 [0] to /lib/x86_64-linux-gnu/libc.so.6 [0]: normal symbol `__ctype32_b' [GLIBC_2.2.5]
    145279:	binding file /lib/x86_64-linux-gnu/libc.so.6 [0] to /lib/x86_64-linux-gnu/libc.so.6 [0]: normal symbol `_nl_msg_cat_cntr' [GLIBC_2.2.5]
    145279:	binding file /lib/x86_64-linux-gnu/libc.so.6 [0] to /lib/x86_64-linux-gnu/libc.so.6 [0]: normal symbol `__daylight' [GLIBC_2.2.5]
    145279:	binding file /lib/x86_64-linux-gnu/libc.so.6 [0] to /lib/x86_64-linux-gnu/libc.so.6 [0]: normal symbol `_nl_domain_bindings' [GLIBC_2.2.5]
    145279:	binding file /lib/x86_64-linux-gnu/libc.so.6 [0] to /lib/x86_64-linux-gnu/libc.so.6 [0]: normal symbol `argp_program_bug_address' [GLIBC_2.2.5]
    145279:	binding file /lib/x86_64-linux-gnu/libc.so.6 [0] to /lib/x86_64-linux-gnu/libc.so.6 [0]: normal symbol `_IO_funlockfile' [GLIBC_2.2.5]
    145279:	binding file /lib/x86_64-linux-gnu/libc.so.6 [0] to /lib/x86_64-linux-gnu/libc.so.6 [0]: normal symbol `svc_fdset' [GLIBC_2.2.5]
    145279:	binding file /lib/x86_64-linux-gnu/libc.so.6 [0] to /lib/x86_64-linux-gnu/libc.so.6 [0]: normal symbol `__libc_dlerror_result' [GLIBC_PRIVATE]
    145279:	binding file /lib/x86_64-linux-gnu/libc.so.6 [0] to /lib/x86_64-linux-gnu/libc.so.6 [0]: normal symbol `stdin' [GLIBC_2.2.5]
    145279:	binding file /lib/x86_64-linux-gnu/libc.so.6 [0] to /lib/x86_64-linux-gnu/libc.so.6 [0]: normal symbol `__timezone' [GLIBC_2.2.5]
    145279:	binding file /lib/x86_64-linux-gnu/libc.so.6 [0] to /lib/x86_64-linux-gnu/libc.so.6 [0]: normal symbol `__ctype_tolower' [GLIBC_2.2.5]
    145279:	binding file /lib/x86_64-linux-gnu/libc.so.6 [0] to /lib/x86_64-linux-gnu/libc.so.6 [0]: normal symbol `_IO_2_1_stdout_' [GLIBC_2.2.5]
    145279:	binding file /lib/x86_64-linux-gnu/libc.so.6 [0] to /lib/x86_64-linux-gnu/libc.so.6 [0]: normal symbol `__tzname' [GLIBC_2.2.5]
    145279:	binding file /lib/x86_64-linux-gnu/libc.so.6 [0] to /lib/x86_64-linux-gnu/libc.so.6 [0]: normal symbol `error_one_per_line' [GLIBC_2.2.5]
    145279:	binding file /lib/x86_64-linux-gnu/libc.so.6 [0] to /lib/x86_64-linux-gnu/libc.so.6 [0]: normal symbol `_res_hconf' [GLIBC_2.2.5]
    145279:	binding file /lib/x86_64-linux-gnu/libc.so.6 [0] to /lib/x86_64-linux-gnu/libc.so.6 [0]: normal symbol `__key_decryptsession_pk_LOCAL' [GLIBC_2.2.5]
    145279:	binding file /lib/x86_64-linux-gnu/libc.so.6 [0] to /lib64/ld-linux-x86-64.so.2 [0]: normal symbol `_rtld_global' [GLIBC_PRIVATE]
    145279:	binding file /lib/x86_64-linux-gnu/libc.so.6 [0] to /lib/x86_64-linux-gnu/libc.so.6 [0]: normal symbol `__progname' [GLIBC_2.2.5]
    145279:	binding file /lib/x86_64-linux-gnu/libc.so.6 [0] to /lib/x86_64-linux-gnu/libc.so.6 [0]: normal symbol `h_errlist' [GLIBC_2.2.5]
    145279:	binding file /lib/x86_64-linux-gnu/libc.so.6 [0] to /lib/x86_64-linux-gnu/libc.so.6 [0]: normal symbol `__environ' [GLIBC_2.2.5]
    145279:	binding file /lib/x86_64-linux-gnu/libc.so.6 [0] to /lib/x86_64-linux-gnu/libc.so.6 [0]: normal symbol `argp_err_exit_status' [GLIBC_2.2.5]
    145279:	binding file /lib/x86_64-linux-gnu/libc.so.6 [0] to /lib/x86_64-linux-gnu/libc.so.6 [0]: normal symbol `svc_pollfd' [GLIBC_2.2.5]
    145279:	binding file /lib/x86_64-linux-gnu/libc.so.6 [0] to /lib/x86_64-linux-gnu/libc.so.6 [0]: normal symbol `__progname_full' [GLIBC_2.2.5]
    145279:	binding file /lib/x86_64-linux-gnu/libc.so.6 [0] to /lib/x86_64-linux-gnu/libc.so.6 [0]: normal symbol `argp_program_version_hook' [GLIBC_2.2.5]
    145279:	binding file /lib/x86_64-linux-gnu/libc.so.6 [0] to /lib/x86_64-linux-gnu/libc.so.6 [0]: normal symbol `optarg' [GLIBC_2.2.5]
    145279:	binding file /lib/x86_64-linux-gnu/libc.so.6 [0] to /lib/x86_64-linux-gnu/libc.so.6 [0]: normal symbol `malloc' [GLIBC_2.2.5]
    145279:	binding file /lib/x86_64-linux-gnu/libc.so.6 [0] to /lib/x86_64-linux-gnu/libc.so.6 [0]: normal symbol `realloc' [GLIBC_2.2.5]
    145279:	binding file /lib/x86_64-linux-gnu/libc.so.6 [0] to /lib/x86_64-linux-gnu/libc.so.6 [0]: normal symbol `calloc' [GLIBC_2.2.5]
    145279:	binding file /lib/x86_64-linux-gnu/libc.so.6 [0] to /lib64/ld-linux-x86-64.so.2 [0]: normal symbol `_dl_find_dso_for_object' [GLIBC_PRIVATE]
    145279:	binding file /lib/x86_64-linux-gnu/libc.so.6 [0] to /lib64/ld-linux-x86-64.so.2 [0]: normal symbol `_dl_deallocate_tls' [GLIBC_PRIVATE]
    145279:	binding file /lib/x86_64-linux-gnu/libc.so.6 [0] to /lib64/ld-linux-x86-64.so.2 [0]: normal symbol `__tls_get_addr' [GLIBC_2.3]
    145279:	binding file /lib/x86_64-linux-gnu/libc.so.6 [0] to /lib64/ld-linux-x86-64.so.2 [0]: normal symbol `_dl_signal_error' [GLIBC_PRIVATE]
    145279:	binding file /lib/x86_64-linux-gnu/libc.so.6 [0] to /lib64/ld-linux-x86-64.so.2 [0]: normal symbol `_dl_signal_exception' [GLIBC_PRIVATE]
    145279:	binding file /lib/x86_64-linux-gnu/libc.so.6 [0] to /lib64/ld-linux-x86-64.so.2 [0]: normal symbol `_dl_audit_symbind_alt' [GLIBC_PRIVATE]
    145279:	binding file /lib/x86_64-linux-gnu/libc.so.6 [0] to /lib64/ld-linux-x86-64.so.2 [0]: normal symbol `__tunable_is_initialized' [GLIBC_PRIVATE]
    145279:	binding file /lib/x86_64-linux-gnu/libc.so.6 [0] to /lib64/ld-linux-x86-64.so.2 [0]: normal symbol `_dl_rtld_di_serinfo' [GLIBC_PRIVATE]
    145279:	binding file /lib/x86_64-linux-gnu/libc.so.6 [0] to /lib64/ld-linux-x86-64.so.2 [0]: normal symbol `_dl_allocate_tls' [GLIBC_PRIVATE]
    145279:	binding file /lib/x86_64-linux-gnu/libc.so.6 [0] to /lib64/ld-linux-x86-64.so.2 [0]: normal symbol `__tunable_get_val' [GLIBC_PRIVATE]
    145279:	binding file /lib/x86_64-linux-gnu/libc.so.6 [0] to /lib64/ld-linux-x86-64.so.2 [0]: normal symbol `_dl_catch_exception' [GLIBC_PRIVATE]
    145279:	binding file /lib/x86_64-linux-gnu/libc.so.6 [0] to /lib64/ld-linux-x86-64.so.2 [0]: normal symbol `_dl_allocate_tls_init' [GLIBC_PRIVATE]
    145279:	binding file /lib/x86_64-linux-gnu/libc.so.6 [0] to /lib64/ld-linux-x86-64.so.2 [0]: normal symbol `__nptl_change_stack_perm' [GLIBC_PRIVATE]
    145279:	binding file /lib/x86_64-linux-gnu/libc.so.6 [0] to /lib64/ld-linux-x86-64.so.2 [0]: normal symbol `_dl_audit_preinit' [GLIBC_PRIVATE]
    145279:	
    145279:	relocation processing: /home/zoe/workspace/compling_lab/libcalc.so (lazy)
    145279:	binding file /home/zoe/workspace/compling_lab/libcalc.so [0] to /lib/x86_64-linux-gnu/libc.so.6 [0]: normal symbol `__cxa_finalize'
    145279:	binding file /home/zoe/workspace/compling_lab/libcalc.so [0] to ./elf_shared [0]: normal symbol `global_counter'
    145279:	binding file /home/zoe/workspace/compling_lab/libcalc.so [0] to ./elf_shared [0]: normal symbol `uninitialized_value'
    145279:	
    145279:	relocation processing: ./elf_shared
    145279:	binding file ./elf_shared [0] to /lib/x86_64-linux-gnu/libc.so.6 [0]: normal symbol `__libc_start_main' [GLIBC_2.34]
    145279:	binding file ./elf_shared [0] to /lib/x86_64-linux-gnu/libc.so.6 [0]: normal symbol `__cxa_finalize' [GLIBC_2.2.5]
    145279:	binding file ./elf_shared [0] to /home/zoe/workspace/compling_lab/libcalc.so [0]: normal symbol `uninitialized_value'
    145279:	binding file ./elf_shared [0] to /home/zoe/workspace/compling_lab/libcalc.so [0]: normal symbol `global_counter'
    145279:	binding file ./elf_shared [0] to /home/zoe/workspace/compling_lab/libcalc.so [0]: normal symbol `update_counter'
    145279:	binding file ./elf_shared [0] to /home/zoe/workspace/compling_lab/libcalc.so [0]: normal symbol `add'
    145279:	binding file ./elf_shared [0] to /home/zoe/workspace/compling_lab/libcalc.so [0]: normal symbol `multiply'
    145279:	binding file ./elf_shared [0] to /lib/x86_64-linux-gnu/libc.so.6 [0]: normal symbol `puts' [GLIBC_2.2.5]
    145279:	binding file ./elf_shared [0] to /lib/x86_64-linux-gnu/libc.so.6 [0]: normal symbol `printf' [GLIBC_2.2.5]
    145279:	binding file ./elf_shared [0] to /lib/x86_64-linux-gnu/libc.so.6 [0]: normal symbol `calloc' [GLIBC_2.2.5]
    145279:	binding file ./elf_shared [0] to /lib/x86_64-linux-gnu/libc.so.6 [0]: normal symbol `free' [GLIBC_2.2.5]
    145279:	binding file ./elf_shared [0] to /lib/x86_64-linux-gnu/libc.so.6 [0]: normal symbol `malloc' [GLIBC_2.2.5]
    145279:	binding file ./elf_shared [0] to /lib/x86_64-linux-gnu/libc.so.6 [0]: normal symbol `realloc' [GLIBC_2.2.5]
    145279:	
    145279:	relocation processing: /lib64/ld-linux-x86-64.so.2
    145279:	binding file /lib64/ld-linux-x86-64.so.2 [0] to /lib64/ld-linux-x86-64.so.2 [0]: normal symbol `__rseq_offset' [GLIBC_2.35]
    145279:	binding file /lib64/ld-linux-x86-64.so.2 [0] to /lib64/ld-linux-x86-64.so.2 [0]: normal symbol `__rseq_size' [GLIBC_2.35]
    145279:	
    145279:	calling init: /lib64/ld-linux-x86-64.so.2
    145279:	
    145279:	
    145279:	calling init: /lib/x86_64-linux-gnu/libc.so.6
    145279:	
    145279:	
    145279:	calling init: /home/zoe/workspace/compling_lab/libcalc.so
    145279:	
    145279:	
    145279:	initialize program: ./elf_shared
    145279:	
    145279:	
    145279:	transferring control: ./elf_shared
    145279:	
    145279:	
    145279:	calling fini:  [0]
    145279:	
    145279:	
    145279:	calling fini: /home/zoe/workspace/compling_lab/libcalc.so [0]
    145279:	
    145279:	
    145279:	calling fini: /lib/x86_64-linux-gnu/libc.so.6 [0]
    145279:	
    145279:	
    145279:	calling fini: /lib64/ld-linux-x86-64.so.2 [0]
    145279:	
